Fatal error: exception Failure("function getKey may not be defined")
